05-05 06:52:46.780  6805  6902 I TestRunner: started: getFavoriteRouteByCodes_ShouldReturnMatchingFavoriteRoute(FightSearchDaoTest)
05-05 06:52:46.853  4227  4250 D WM-GreedyScheduler: Cancelling work ID fe293598-f6c0-4fe5-9f37-db796e352776
05-05 06:52:46.897  4227  4250 D WM-SystemJobScheduler: Scheduling work ID fe293598-f6c0-4fe5-9f37-db796e352776Job ID 827
05-05 06:52:46.923  3774  3787 I PlayCore: UID: [10150]  PID: [3774] OnRequestInstallCallback : onRequestInfo
05-05 06:52:46.923  3774  6812 I PlayCore: UID: [10150]  PID: [3774] AppUpdateService : Unbind from service.
05-05 06:52:46.935  2459  2484 I Finsky  : [38] DseService.s(24): Setup::DSE: Android ID is non-zero.
05-05 06:52:46.935  2459  2484 I Finsky  : [38] DseService.j(206): Setup::DSE: Phenotype experiments synced with status: NO_UPDATE
05-05 06:52:46.942  4227  4250 D WM-GreedyScheduler: Ignoring {WorkSpec: 8a9478c8-a66b-4656-a2f1-cd5b2ab29a6d}. Requires device idle.
05-05 06:52:46.943  4227  4250 D WM-GreedyScheduler: Starting work for 01ff279e-433e-4d32-8e3e-65ce2d9e3987
05-05 06:52:46.943  4227  4250 D WM-GreedyScheduler: Starting work for 1d4814d9-bdd4-4f11-a5b2-0448090bce41
05-05 06:52:46.943  4227  4250 D WM-GreedyScheduler: Starting tracking for 971b6a65-0468-455e-932f-59b605e174a0,f8176df4-b0f3-4709-a85a-037657a0396c,4c9f8b43-214e-45b7-8154-4a6fab434f0c,1cd1dc6c-d7e7-4bc7-b593-1683291677f7,2cb070bc-1947-4306-8394-2d0090d64f3f,792a7c59-0078-4a79-85d8-1a6d2b8d9abe,7d4f948a-c818-41a4-ae89-9e0d1f52ab6c,57969079-96f3-49d3-b999-e755d506f939,62e6f1fb-a989-455d-9ef6-c9d15289a1b4,b7e647eb-133a-4772-ab24-ec3d93514242
05-05 06:52:46.955  4227  4250 D WM-GreedyScheduler: Cancelling work ID 57969079-96f3-49d3-b999-e755d506f939
05-05 06:52:46.965  6805  6902 D FlightSearchDaoTest: Database created successfully
05-05 06:52:46.969  2459  2484 I Finsky  : [38] astl.M(185): Package com.android.chrome is verified.
05-05 06:52:46.975  4227  4250 D WM-SystemJobScheduler: Scheduling work ID 57969079-96f3-49d3-b999-e755d506f939Job ID 828
05-05 06:52:46.988  4227  4250 D WM-GreedyScheduler: Ignoring {WorkSpec: 8a9478c8-a66b-4656-a2f1-cd5b2ab29a6d}. Requires device idle.
05-05 06:52:46.989  4227  4250 D WM-GreedyScheduler: Starting tracking for 971b6a65-0468-455e-932f-59b605e174a0,f8176df4-b0f3-4709-a85a-037657a0396c,4c9f8b43-214e-45b7-8154-4a6fab434f0c,1cd1dc6c-d7e7-4bc7-b593-1683291677f7,2cb070bc-1947-4306-8394-2d0090d64f3f,792a7c59-0078-4a79-85d8-1a6d2b8d9abe,7d4f948a-c818-41a4-ae89-9e0d1f52ab6c,62e6f1fb-a989-455d-9ef6-c9d15289a1b4,b7e647eb-133a-4772-ab24-ec3d93514242
05-05 06:52:46.994  2459  2484 I Finsky  : [38] DseService.w(37): DSE: Set Settings.Secure.play_determined_dma_eligibility to: 0 (success=true)
05-05 06:52:47.025  6805  6909 E ashmem  : Pinning is deprecated since Android Q. Please use trim or other methods.
05-05 06:52:47.048  4227  4250 D WM-GreedyScheduler: Cancelling work ID 57969079-96f3-49d3-b999-e755d506f939
05-05 06:52:47.062  4227  4250 D WM-SystemJobScheduler: Scheduling work ID 57969079-96f3-49d3-b999-e755d506f939Job ID 829
05-05 06:52:47.086  4227  4250 D WM-GreedyScheduler: Ignoring {WorkSpec: 8a9478c8-a66b-4656-a2f1-cd5b2ab29a6d}. Requires device idle.
05-05 06:52:47.086  4227  4250 D WM-GreedyScheduler: Starting tracking for 971b6a65-0468-455e-932f-59b605e174a0,f8176df4-b0f3-4709-a85a-037657a0396c,4c9f8b43-214e-45b7-8154-4a6fab434f0c,1cd1dc6c-d7e7-4bc7-b593-1683291677f7,2cb070bc-1947-4306-8394-2d0090d64f3f,792a7c59-0078-4a79-85d8-1a6d2b8d9abe,7d4f948a-c818-41a4-ae89-9e0d1f52ab6c,62e6f1fb-a989-455d-9ef6-c9d15289a1b4,b7e647eb-133a-4772-ab24-ec3d93514242
05-05 06:52:47.099  4227  4250 D WM-GreedyScheduler: Cancelling work ID 7d4f948a-c818-41a4-ae89-9e0d1f52ab6c
05-05 06:52:47.104  4227  4250 D WM-SystemJobScheduler: Scheduling work ID 7d4f948a-c818-41a4-ae89-9e0d1f52ab6cJob ID 830
05-05 06:52:47.115  4227  4250 D WM-GreedyScheduler: Ignoring {WorkSpec: 8a9478c8-a66b-4656-a2f1-cd5b2ab29a6d}. Requires device idle.
05-05 06:52:47.116  4227  4250 D WM-GreedyScheduler: Starting tracking for 971b6a65-0468-455e-932f-59b605e174a0,f8176df4-b0f3-4709-a85a-037657a0396c,4c9f8b43-214e-45b7-8154-4a6fab434f0c,1cd1dc6c-d7e7-4bc7-b593-1683291677f7,2cb070bc-1947-4306-8394-2d0090d64f3f,792a7c59-0078-4a79-85d8-1a6d2b8d9abe,62e6f1fb-a989-455d-9ef6-c9d15289a1b4,b7e647eb-133a-4772-ab24-ec3d93514242
05-05 06:52:47.121  4227  4250 D WM-GreedyScheduler: Cancelling work ID 792a7c59-0078-4a79-85d8-1a6d2b8d9abe
05-05 06:52:47.132  4227  4250 D WM-SystemJobScheduler: Scheduling work ID 792a7c59-0078-4a79-85d8-1a6d2b8d9abeJob ID 831
05-05 06:52:47.139  4227  4250 D WM-GreedyScheduler: Ignoring {WorkSpec: 8a9478c8-a66b-4656-a2f1-cd5b2ab29a6d}. Requires device idle.
05-05 06:52:47.140  4227  4250 D WM-GreedyScheduler: Starting tracking for 971b6a65-0468-455e-932f-59b605e174a0,f8176df4-b0f3-4709-a85a-037657a0396c,4c9f8b43-214e-45b7-8154-4a6fab434f0c,1cd1dc6c-d7e7-4bc7-b593-1683291677f7,2cb070bc-1947-4306-8394-2d0090d64f3f,62e6f1fb-a989-455d-9ef6-c9d15289a1b4,b7e647eb-133a-4772-ab24-ec3d93514242
05-05 06:52:47.153  4227  4250 D WM-GreedyScheduler: Cancelling work ID 2cb070bc-1947-4306-8394-2d0090d64f3f
05-05 06:52:47.163  4227  4250 D WM-SystemJobScheduler: Scheduling work ID 2cb070bc-1947-4306-8394-2d0090d64f3fJob ID 832
05-05 06:52:47.167  4227  4250 D WM-GreedyScheduler: Ignoring {WorkSpec: 8a9478c8-a66b-4656-a2f1-cd5b2ab29a6d}. Requires device idle.
05-05 06:52:47.168  4227  4250 D WM-GreedyScheduler: Starting tracking for 971b6a65-0468-455e-932f-59b605e174a0,f8176df4-b0f3-4709-a85a-037657a0396c,4c9f8b43-214e-45b7-8154-4a6fab434f0c,1cd1dc6c-d7e7-4bc7-b593-1683291677f7,62e6f1fb-a989-455d-9ef6-c9d15289a1b4,b7e647eb-133a-4772-ab24-ec3d93514242
05-05 06:52:47.181  4227  4255 I feke    : Successfully scheduled next periodic workers
05-05 06:52:47.187  4227  4250 D WM-Processor: laf: processing WorkGenerationalId(workSpecId=01ff279e-433e-4d32-8e3e-65ce2d9e3987, generation=0)
05-05 06:52:47.189  4227  4243 I feji    : #sync() complete
05-05 06:52:47.191  4227  4250 D WM-Processor: laf: processing WorkGenerationalId(workSpecId=1d4814d9-bdd4-4f11-a5b2-0448090bce41, generation=0)
05-05 06:52:47.216  4227  4227 D WM-WorkerWrapper: Starting work for com.google.apps.tiktok.contrib.work.TikTokListenableWorker
05-05 06:52:47.217  4227  4243 D WM-GreedyScheduler: Constraints met: Scheduling work ID WorkGenerationalId(workSpecId=2cb070bc-1947-4306-8394-2d0090d64f3f, generation=108)
05-05 06:52:47.217  4227  4243 D WM-GreedyScheduler: Constraints met: Scheduling work ID WorkGenerationalId(workSpecId=7d4f948a-c818-41a4-ae89-9e0d1f52ab6c, generation=107)
05-05 06:52:47.299  4227  4227 D WM-WorkerWrapper: Starting work for com.google.apps.tiktok.contrib.work.TikTokListenableWorker
05-05 06:52:47.322  4227  4227 D WM-GreedyScheduler: Stopping tracking for WorkGenerationalId(workSpecId=2cb070bc-1947-4306-8394-2d0090d64f3f, generation=108)
05-05 06:52:47.323  4227  4227 D WM-GreedyScheduler: Stopping tracking for WorkGenerationalId(workSpecId=7d4f948a-c818-41a4-ae89-9e0d1f52ab6c, generation=107)
05-05 06:52:47.332  4227  4250 D WM-GreedyScheduler: Cancelling work ID 2cb070bc-1947-4306-8394-2d0090d64f3f
05-05 06:52:47.333  4227  4250 D WM-GreedyScheduler: Ignoring {WorkSpec: 8a9478c8-a66b-4656-a2f1-cd5b2ab29a6d}. Requires device idle.
05-05 06:52:47.333  4227  4250 D WM-GreedyScheduler: Starting tracking for 971b6a65-0468-455e-932f-59b605e174a0,f8176df4-b0f3-4709-a85a-037657a0396c,4c9f8b43-214e-45b7-8154-4a6fab434f0c,1cd1dc6c-d7e7-4bc7-b593-1683291677f7,62e6f1fb-a989-455d-9ef6-c9d15289a1b4,b7e647eb-133a-4772-ab24-ec3d93514242
05-05 06:52:47.360  4227  4250 D WM-GreedyScheduler: Cancelling work ID 7d4f948a-c818-41a4-ae89-9e0d1f52ab6c
05-05 06:52:47.365  4227  4250 D WM-GreedyScheduler: Ignoring {WorkSpec: 8a9478c8-a66b-4656-a2f1-cd5b2ab29a6d}. Requires device idle.
05-05 06:52:47.367  4227  4250 D WM-GreedyScheduler: Starting tracking for 971b6a65-0468-455e-932f-59b605e174a0,f8176df4-b0f3-4709-a85a-037657a0396c,4c9f8b43-214e-45b7-8154-4a6fab434f0c,1cd1dc6c-d7e7-4bc7-b593-1683291677f7,62e6f1fb-a989-455d-9ef6-c9d15289a1b4,b7e647eb-133a-4772-ab24-ec3d93514242
05-05 06:52:47.379  6805  6902 I TestRunner: finished: getFavoriteRouteByCodes_ShouldReturnMatchingFavoriteRoute(FightSearchDaoTest)
